// Jest Snapshot v1, https://goo.gl/fbAQLP

exports[`renders correctly 1`] = `
<div
  className="flex flex-row ml-2"
>
  <svg
    className="h-6 w-5 mr-1 text-gray-500"
    fill="none"
    stroke="currentColor"
    viewBox="0 0 24 24"
    xmlns="http://www.w3.org/2000/svg"
  >
    <path
      d="M12 8v4l3 3m6-3a9 9 0 11-18 0 9 9 0 0118 0z"
      strokeLinecap="round"
      strokeLinejoin="round"
      strokeWidth={2}
    />
  </svg>
  <div
    className="font-medium truncate italic text-gray-500"
  >
    released
  </div>
</div>
`;
