// Jest Snapshot v1, https://goo.gl/fbAQLP

exports[`renders correctly 1`] = `
<div>
  <div
    className="flex items-end relative pl-52 bg-gray-500 w-full h-64 sm:h-96 -mt-4 rounded-b shadow-md"
    style={
      Object {
        "backgroundColor": "rgba(31, 41, 55, 0.8)",
        "backgroundImage": "linear-gradient(0deg, rgba(31, 41, 55, 0.8), rgba(31, 41, 55, 0.8))undefined)",
        "backgroundSize": "cover",
      }
    }
  >
    <button
      className="bg-transparent focus:outline-none shadow-none hover:shadow-none absolute right-4 top-4"
      onClick={[Function]}
    >
      <svg
        className="h-8 w-8 text-red-500 shadow-none hover:shadow-none hover:fill-current false undefined"
        fill="none"
        stroke="currentColor"
        viewBox="0 0 24 24"
        xmlns="http://www.w3.org/2000/svg"
      >
        <path
          d="M4.318 6.318a4.5 4.5 0 000 6.364L12 20.364l7.682-7.682a4.5 4.5 0 00-6.364-6.364L12 7.636l-1.318-1.318a4.5 4.5 0 00-6.364 0z"
          strokeLinecap="round"
          strokeLinejoin="round"
          strokeWidth={2}
        />
      </svg>
    </button>
    <h2
      className="text-white text-2xl sm:text-4xl md:text-6xl px-0 sm:px-2 pb-4 max-w-sm md:max-w-2xl"
      style={
        Object {
          "textShadow": "2px 2px 2px rgba(31, 41, 55)",
        }
      }
    />
  </div>
  <div
    className="px-8"
  >
    <div
      className="relative w-40"
    >
      <span
        className="flex items-center justify-center text-white font-semibold absolute w-10 h-10 -top-3 -right-3 rounded-full shadow bg-green-700"
      >
        -
      </span>
      <div
        className="w-40 h-60 -mt-48 overflow-hidden rounded self-center shadow-md md:flex-shrink-0"
      >
        <div
          className="w-40 h-60 flex-shrink-0"
        >
          <img
            className="h-full w-full object-cover"
            onError={[Function]}
            src={null}
          />
        </div>
      </div>
    </div>
  </div>
</div>
`;
