// Jest Snapshot v1, https://goo.gl/fbAQLP

exports[`renders correctly 1`] = `
<div
  className="flex items justify-center"
>
  <div
    className="w-full max-w-screen-xl"
  />
</div>
`;
